// Jest Snapshot v1, https://goo.gl/fbAQLP

exports[`GqlStatus renders error 1`] = `
<div>
  <div
    class="error-banner"
  >
    <i
      class="material-icons"
    >
      error
    </i>
    <h3>
      Error
    </h3>
    <div
      class="error-banner__content"
    >
      There was an error
    </div>
  </div>
</div>
`;

exports[`GqlStatus renders loading 1`] = `
<div>
  <div
    class="aj-loader"
  >
    <div
      class="atomicjolt-loading-animation"
    >
      <svg
        aria-label="loading"
        role="img"
        viewBox="0 0 91.87 114.09"
        xmlns="http://www.w3.org/2000/svg"
      >
        <g
          data-name="Layer 2"
        >
          <polygon
            class="cls-1"
            points="40.45 111.32 89.11 99.26 71.35 19.9 21.1 89.71 40.45 111.32"
          />
          <polyline
            class="cls-2"
            points="50.67 2.77 2.77 69.96 25.47 94.65 66.36 84.13 50.67 2.77 71.35 19.9"
          />
        </g>
      </svg>
    </div>
    <p
      class="loader-text"
    >
      Loading...
    </p>
  </div>
</div>
`;
